// Jest Snapshot v1, https://goo.gl/fbAQLP

exports[`MainPage component Matches Snapshot 1`] = `
<div
  className="hero is-dark is-fullheight"
>
  <div
    className="hero-head"
  />
  <div
    className="hero-body"
  />
  <div
    className="hero-foot mainPage--footer"
  >
    <div
      className="level"
    >
      <div
        className="level-left"
      />
      <div
        className="level-right"
      >
        <a
          className="level-item"
          href="https://bulma.io"
        >
          <img
            alt="Made with Bulma"
            height="24"
            src="https://bulma.io/images/made-with-bulma--white.png"
            width="128"
          />
        </a>
      </div>
    </div>
  </div>
</div>
`;
